test_func 5
test_func 5
test_func 5
test_func 5
test_func 5
